
> resource-activation-site@1.0.0 tsc
> tsc

